{
    "openapi": "3.0.2",
    "info": {
        "title": "API",
        "version": "1.0.0"
    },
    "servers": [
        {
            "url": "\/api"
        }
    ],
    "paths": {
        "\/posts": {
            "get": {
                "tags": [
                    "Posts"
                ],
                "responses": {
                    "400": {
                        "$ref": "#\/components\/responses\/400"
                    },
                    "401": {
                        "$ref": "#\/components\/responses\/401"
                    },
                    "404": {
                        "$ref": "#\/components\/responses\/401"
                    },
                    "200": {
                        "description": "Posts",
                        "content": {
                            "application\/vnd.api+json": {
                                "schema": {
                                    "type": "object",
                                    "required": [
                                        "data",
                                        "jsonapi"
                                    ],
                                    "properties": {
                                        "jsonapi": {
                                            "$ref": "#\/components\/schemas\/jsonapi-version"
                                        },
                                        "data": {
                                            "type": "array",
                                            "items": {
                                                "$ref": "#\/components\/schemas\/posts"
                                            }
                                        }
                                    }
                                }
                            }
                        }
                    }
                }
            },
            "post": {
                "tags": [
                    "Posts"
                ],
                "responses": {
                    "400": {
                        "$ref": "#\/components\/responses\/400"
                    },
                    "401": {
                        "$ref": "#\/components\/responses\/401"
                    },
                    "404": {
                        "$ref": "#\/components\/responses\/401"
                    },
                    "200": {
                        "description": "Posts",
                        "content": {
                            "application\/vnd.api+json": {
                                "schema": {
                                    "type": "object",
                                    "required": [
                                        "data",
                                        "jsonapi"
                                    ],
                                    "properties": {
                                        "jsonapi": {
                                            "$ref": "#\/components\/schemas\/jsonapi-version"
                                        },
                                        "data": {
                                            "type": "array",
                                            "items": {
                                                "$ref": "#\/components\/schemas\/posts"
                                            }
                                        }
                                    }
                                }
                            }
                        }
                    }
                }
            }
        },
        "\/posts\/{post}": {
            "get": {
                "tags": [
                    "Posts"
                ],
                "parameters": [
                    {
                        "name": "post",
                        "in": "path",
                        "required": true,
                        "schema": {
                            "type": "integer"
                        }
                    }
                ],
                "responses": {
                    "400": {
                        "$ref": "#\/components\/responses\/400"
                    },
                    "401": {
                        "$ref": "#\/components\/responses\/401"
                    },
                    "404": {
                        "$ref": "#\/components\/responses\/401"
                    },
                    "200": {
                        "description": "Posts",
                        "content": {
                            "application\/vnd.api+json": {
                                "schema": {
                                    "type": "object",
                                    "required": [
                                        "data",
                                        "jsonapi"
                                    ],
                                    "properties": {
                                        "jsonapi": {
                                            "$ref": "#\/components\/schemas\/jsonapi-version"
                                        },
                                        "data": {
                                            "type": "array",
                                            "items": {
                                                "$ref": "#\/components\/schemas\/posts"
                                            }
                                        }
                                    }
                                }
                            }
                        }
                    }
                }
            },
            "patch": {
                "tags": [
                    "Posts"
                ],
                "parameters": [
                    {
                        "name": "post",
                        "in": "path",
                        "required": true,
                        "schema": {
                            "type": "integer"
                        }
                    }
                ],
                "responses": {
                    "400": {
                        "$ref": "#\/components\/responses\/400"
                    },
                    "401": {
                        "$ref": "#\/components\/responses\/401"
                    },
                    "404": {
                        "$ref": "#\/components\/responses\/401"
                    },
                    "200": {
                        "description": "Posts",
                        "content": {
                            "application\/vnd.api+json": {
                                "schema": {
                                    "type": "object",
                                    "required": [
                                        "data",
                                        "jsonapi"
                                    ],
                                    "properties": {
                                        "jsonapi": {
                                            "$ref": "#\/components\/schemas\/jsonapi-version"
                                        },
                                        "data": {
                                            "type": "array",
                                            "items": {
                                                "$ref": "#\/components\/schemas\/posts"
                                            }
                                        }
                                    }
                                }
                            }
                        }
                    }
                }
            },
            "delete": {
                "tags": [
                    "Posts"
                ],
                "parameters": [
                    {
                        "name": "post",
                        "in": "path",
                        "required": true,
                        "schema": {
                            "type": "integer"
                        }
                    }
                ],
                "responses": {
                    "400": {
                        "$ref": "#\/components\/responses\/400"
                    },
                    "401": {
                        "$ref": "#\/components\/responses\/401"
                    },
                    "404": {
                        "$ref": "#\/components\/responses\/401"
                    },
                    "200": {
                        "description": "Posts",
                        "content": {
                            "application\/vnd.api+json": {
                                "schema": {
                                    "type": "object",
                                    "required": [
                                        "data",
                                        "jsonapi"
                                    ],
                                    "properties": {
                                        "jsonapi": {
                                            "$ref": "#\/components\/schemas\/jsonapi-version"
                                        },
                                        "data": {
                                            "type": "array",
                                            "items": {
                                                "$ref": "#\/components\/schemas\/posts"
                                            }
                                        }
                                    }
                                }
                            }
                        }
                    }
                }
            }
        }
    },
    "components": {
        "schemas": {
            "jsonapi-version": {
                "title": "JSON:API version",
                "type": "object",
                "properties": {
                    "version": {
                        "title": "version",
                        "type": "string",
                        "example": "1.0"
                    }
                }
            },
            "error": {
                "title": "Error",
                "type": "array",
                "items": {
                    "type": "object",
                    "properties": {
                        "detail": {
                            "type": "string"
                        },
                        "status": {
                            "type": "string"
                        },
                        "title": {
                            "type": "string"
                        },
                        "source": {
                            "type": "object",
                            "properties": {
                                "pointer": {
                                    "type": "string"
                                }
                            }
                        }
                    }
                },
                "required": [
                    "title",
                    "status"
                ]
            },
            "posts": {
                "type": "object",
                "required": [
                    "type",
                    "id",
                    "attributes"
                ],
                "properties": {
                    "type": {
                        "title": "type",
                        "default": "posts",
                        "type": "string"
                    },
                    "id": {
                        "type": "string",
                        "example": "1"
                    },
                    "attributes": {
                        "type": "object",
                        "properties": {
                            "content": {
                                "title": "content",
                                "type": "string"
                            },
                            "createdAt": {
                                "title": "createdAt",
                                "type": "string"
                            },
                            "slug": {
                                "title": "slug",
                                "type": "string"
                            },
                            "synopsis": {
                                "title": "synopsis",
                                "type": "string"
                            },
                            "title": {
                                "title": "title",
                                "type": "string"
                            },
                            "updatedAt": {
                                "title": "updatedAt",
                                "type": "string"
                            }
                        }
                    },
                    "relationships": {
                        "type": "object"
                    }
                }
            }
        },
        "responses": {
            "400": {
                "description": "Bad Request",
                "content": {
                    "application\/vnd.api+json": {
                        "schema": {
                            "type": "object",
                            "properties": {
                                "error": {
                                    "$ref": "#\/components\/schemas\/error"
                                },
                                "jsonapi-version": {
                                    "$ref": "#\/components\/schemas\/jsonapi-version"
                                }
                            }
                        }
                    }
                }
            },
            "401": {
                "description": "Forbidden",
                "content": {
                    "application\/vnd.api+json": {
                        "schema": {
                            "type": "object",
                            "properties": {
                                "error": {
                                    "$ref": "#\/components\/schemas\/error"
                                },
                                "jsonapi-version": {
                                    "$ref": "#\/components\/schemas\/jsonapi-version"
                                }
                            }
                        }
                    }
                }
            },
            "404": {
                "description": "Not Found",
                "content": {
                    "application\/vnd.api+json": {
                        "schema": {
                            "type": "object",
                            "properties": {
                                "error": {
                                    "$ref": "#\/components\/schemas\/error"
                                },
                                "jsonapi-version": {
                                    "$ref": "#\/components\/schemas\/jsonapi-version"
                                }
                            }
                        }
                    }
                }
            },
            "422": {
                "description": "Unprocessable Entity",
                "content": {
                    "application\/vnd.api+json": {
                        "schema": {
                            "type": "object",
                            "properties": {
                                "error": {
                                    "$ref": "#\/components\/schemas\/error"
                                },
                                "jsonapi-version": {
                                    "$ref": "#\/components\/schemas\/jsonapi-version"
                                }
                            }
                        }
                    }
                }
            }
        }
    }
}